[0;92mGoogle Test already built[0;39m
[0;92mRaylib already built[0;39m
[0;93mCompiling srcs/ecs/Registry.cpp...[0;39m
[0;93mCompiling srcs/systems/InputSystem.cpp...[0;39m
[0;93mCompiling srcs/systems/MovementSystem.cpp...[0;39m
[0;93mCompiling srcs/systems/RenderSystem.cpp...[0;39m
[0;93mCompiling srcs/systems/PostProcessingSystem.cpp...[0;39m
[0;93mCompiling srcs/systems/CollisionSystem.cpp...[0;39m
[0;93mCompiling srcs/systems/AISystem.cpp...[0;39m
[0;93mCompiling srcs/systems/UIInteractionSystem.cpp...[0;39m
[0;93mCompiling srcs/systems/ParticleSystem.cpp...[0;39m
[0;93mCompiling srcs/systems/AnimationSystem.cpp...[0;39m
[0;93mCompiling srcs/arena/ArenaGrid.cpp...[0;39m
[0;93mCompiling srcs/arena/ArenaPresetLoader.cpp...[0;39m
[0;93mCompiling srcs/helpers/RaylibColors.cpp...[0;39m
[0;93mCompiling srcs/helpers/Factories.cpp...[0;39m
[0;93mCompiling srcs/helpers/GameManager.cpp...[0;39m
[0;93mCompiling srcs/helpers/StateTransitionHelper.cpp...[0;39m
[0;93mCompiling srcs/helpers/MenuLogoParticleHelper.cpp...[0;39m
[0;93mCompiling srcs/collision/CollisionRuleLoader.cpp...[0;39m
[0;93mCompiling srcs/collision/CollisionEffects.cpp...[0;39m
[0;93mCompiling srcs/collision/CollisionEffectDispatcher.cpp...[0;39m
[0;93mCompiling srcs/AI/FloodFill.cpp...[0;39m
[0;93mCompiling srcs/AI/GridHelper.cpp...[0;39m
[0;93mCompiling srcs/AI/Pathfinder.cpp...[0;39m
[0;93mCompiling srcs/AI/AIPresetLoader.cpp...[0;39m
[0;93mCompiling srcs/animations/ParticleConfigLoader.cpp...[0;39m
[0;93mCompiling srcs/animations/TunnelConfigLoader.cpp...[0;39m
[0;93mCompiling srcs/postprocessing/PostProcessConfigLoader.cpp...[0;39m
[0;93mCompiling srcs/ui/TextSystem.cpp...[0;39m
[0;93mCompiling srcs/ui/MenuSystem.cpp...[0;39m
[0;93mCompiling srcs/ui/UISystem.cpp...[0;39m
[0;93mCompiling srcs/ui/ButtonConfigLoader.cpp...[0;39m
[0;93mCompiling srcs/ui/GlyphLibraryLoader.cpp...[0;39m
[0;93mCompiling srcs/ui/GlyphPresetLoader.cpp...[0;39m
[0;93mCompiling srcs/ui/PixelTextLayoutSystem.cpp...[0;39m
[0;93mCompiling srcs/ui/PixelTextRenderSystem.cpp...[0;39m
[0;93mCompiling srcs/ui/PixelTextHelper.cpp...[0;39m
c++ -std=c++20 -g3 -O0 -Wall -Wextra -Wno-unused-parameter -Wno-unused-variable -Wno-sign-compare -Iincs -Isrcs -Ilibs/googletest/googletest/include -Ilibs/raylib/src -Wno-missing-field-initializers -MMD -MF .test_dep/integration/Arena_AI_test.d -c tests/integration/Arena_AI_test.cpp -o .test_obj/integration/Arena_AI_test.o
tests/integration/Arena_AI_test.cpp: In member function ‘virtual void ArenaAICoherence_ArenaPresetApplicationReflectedInAIBlockedGridWithinSameCycle_Test::TestBody()’:
tests/integration/Arena_AI_test.cpp:36:37: warning: narrowing conversion of ‘(float)i’ from ‘float’ to ‘int’ [-Wnarrowing]
   36 |                         Vec2 pos = {static_cast<float>(i), static_cast<float>(j)};
      |                                     ^~~~~~~~~~~~~~~~~~~~~
tests/integration/Arena_AI_test.cpp:36:60: warning: narrowing conversion of ‘(float)j’ from ‘float’ to ‘int’ [-Wnarrowing]
   36 |                         Vec2 pos = {static_cast<float>(i), static_cast<float>(j)};
      |                                                            ^~~~~~~~~~~~~~~~~~~~~
tests/integration/Arena_AI_test.cpp:37:53: error: no matching function for call to ‘ArenaGrid::isWalkable(Vec2&)’
   37 |                         bool orig = arena.isWalkable(pos);
      |                                     ~~~~~~~~~~~~~~~~^~~~~
In file included from tests/integration/Arena_AI_test.cpp:6:
srcs/arena/ArenaGrid.hpp:43:33: note: candidate: ‘bool ArenaGrid::isWalkable(int, int) const’
   43 |                 bool            isWalkable(int x, int y) const;
      |                                 ^~~~~~~~~~
srcs/arena/ArenaGrid.hpp:43:33: note:   candidate expects 2 arguments, 1 provided
tests/integration/Arena_AI_test.cpp:38:57: error: no matching function for call to ‘ArenaGrid::isWalkable(Vec2&)’
   38 |                         bool copy = arenaCopy.isWalkable(pos);
      |                                     ~~~~~~~~~~~~~~~~~~~~^~~~~
srcs/arena/ArenaGrid.hpp:43:33: note: candidate: ‘bool ArenaGrid::isWalkable(int, int) const’
   43 |                 bool            isWalkable(int x, int y) const;
      |                                 ^~~~~~~~~~
srcs/arena/ArenaGrid.hpp:43:33: note:   candidate expects 2 arguments, 1 provided
tests/integration/Arena_AI_test.cpp: In member function ‘virtual void ArenaAICoherence_PathSelectedByAIRemainsWalkableAfterMovementValidation_Test::TestBody()’:
tests/integration/Arena_AI_test.cpp:58:31: error: ‘FoodTag’ was not declared in this scope
   58 |         registry.addComponent<FoodTag>(food, FoodTag{});
      |                               ^~~~~~~
tests/integration/Arena_AI_test.cpp:58:53: error: expected ‘)’ before ‘{’ token
   58 |         registry.addComponent<FoodTag>(food, FoodTag{});
      |                                       ~             ^
      |                                                     )
tests/integration/Arena_AI_test.cpp:63:31: error: ‘RenderComponent’ was not declared in this scope; did you mean ‘SnakeComponent’?
   63 |         registry.addComponent<RenderComponent>(aiSnake, RenderComponent{ BLUE, 'A' });
      |                               ^~~~~~~~~~~~~~~
      |                               SnakeComponent
tests/integration/Arena_AI_test.cpp:63:72: error: expected ‘)’ before ‘{’ token
   63 |         registry.addComponent<RenderComponent>(aiSnake, RenderComponent{ BLUE, 'A' });
      |                                               ~                        ^
      |                                                                        )
tests/integration/Arena_AI_test.cpp:64:31: error: ‘MovementComponent’ was not declared in this scope
   64 |         registry.addComponent<MovementComponent>(aiSnake, MovementComponent{ Direction::UP, 0.0f, 0.2f });
      |                               ^~~~~~~~~~~~~~~~~
tests/integration/Arena_AI_test.cpp:64:76: error: expected ‘)’ before ‘{’ token
   64 |         registry.addComponent<MovementComponent>(aiSnake, MovementComponent{ Direction::UP, 0.0f, 0.2f });
      |                                                 ~                          ^
      |                                                                            )
tests/integration/Arena_AI_test.cpp:73:40: error: no matching function for call to ‘Pathfinder::findPath(<brace-enclosed initializer list>, <brace-enclosed initializer list>, const int&, const int&, ArenaGrid*)’
   73 |         auto path = pathfinder.findPath({15, 15}, {5, 5}, GRID_W, GRID_H, &arena);
      |                     ~~~~~~~~~~~~~~~~~~~^~~~~~~~~~~~~~~~~~~~~~~~~~~~~~~~~~~~~~~~~~
In file included from tests/integration/Arena_AI_test.cpp:11:
srcs/AI/Pathfinder.hpp:10:23: note: candidate: ‘std::vector<Vec2> Pathfinder::findPath(const std::vector<std::vector<bool> >&, Vec2, Vec2, int, int, int, const std::vector<Vec2>&) const’
   10 |     std::vector<Vec2> findPath(const std::vector<std::vector<bool>>& blocked,
      |                       ^~~~~~~~
srcs/AI/Pathfinder.hpp:10:23: note:   candidate expects 7 arguments, 5 provided
tests/integration/Arena_AI_test.cpp: In member function ‘virtual void ArenaAICoherence_FloodFillSafetyAndPathinderConsistentOnIdenticalBoardState_Test::TestBody()’:
tests/integration/Arena_AI_test.cpp:90:36: error: ‘class FloodFill’ has no member named ‘getReachableCells’
   90 |         auto reachable = floodFill.getReachableCells({16, 16}, GRID_W, GRID_H, &arena);
      |                                    ^~~~~~~~~~~~~~~~~
tests/integration/Arena_AI_test.cpp:96:48: error: no matching function for call to ‘Pathfinder::findPath(<brace-enclosed initializer list>, Vec2&, const int&, const int&, ArenaGrid*)’
   96 |                 auto path = pathfinder.findPath({16, 16}, target, GRID_W, GRID_H, &arena);
      |                             ~~~~~~~~~~~~~~~~~~~^~~~~~~~~~~~~~~~~~~~~~~~~~~~~~~~~~~~~~~~~~
srcs/AI/Pathfinder.hpp:10:23: note: candidate: ‘std::vector<Vec2> Pathfinder::findPath(const std::vector<std::vector<bool> >&, Vec2, Vec2, int, int, int, const std::vector<Vec2>&) const’
   10 |     std::vector<Vec2> findPath(const std::vector<std::vector<bool>>& blocked,
      |                       ^~~~~~~~
srcs/AI/Pathfinder.hpp:10:23: note:   candidate expects 7 arguments, 5 provided
tests/integration/Arena_AI_test.cpp: In member function ‘virtual void ArenaAICoherence_AIRepathsAfterDynamicArenaChangesWithoutFreezing_Test::TestBody()’:
tests/integration/Arena_AI_test.cpp:120:31: error: ‘MovementComponent’ was not declared in this scope
  120 |         registry.addComponent<MovementComponent>(aiSnake, MovementComponent{ Direction::UP, 0.0f, 0.2f });
      |                               ^~~~~~~~~~~~~~~~~
tests/integration/Arena_AI_test.cpp:120:76: error: expected ‘)’ before ‘{’ token
  120 |         registry.addComponent<MovementComponent>(aiSnake, MovementComponent{ Direction::UP, 0.0f, 0.2f });
      |                                                 ~                          ^
      |                                                                            )
tests/integration/Arena_AI_test.cpp:121:31: error: ‘RenderComponent’ was not declared in this scope; did you mean ‘SnakeComponent’?
  121 |         registry.addComponent<RenderComponent>(aiSnake, RenderComponent{ BLUE, 'A' });
      |                               ^~~~~~~~~~~~~~~
      |                               SnakeComponent
tests/integration/Arena_AI_test.cpp:121:72: error: expected ‘)’ before ‘{’ token
  121 |         registry.addComponent<RenderComponent>(aiSnake, RenderComponent{ BLUE, 'A' });
      |                                               ~                        ^
      |                                                                        )
tests/integration/Arena_AI_test.cpp:130:31: error: ‘FoodTag’ was not declared in this scope
  130 |         registry.addComponent<FoodTag>(food, FoodTag{});
      |                               ^~~~~~~
tests/integration/Arena_AI_test.cpp:130:53: error: expected ‘)’ before ‘{’ token
  130 |         registry.addComponent<FoodTag>(food, FoodTag{});
      |                                       ~             ^
      |                                                     )
tests/integration/Arena_AI_test.cpp:142:66: error: no matching function for call to ‘Registry::getComponent<MovementComponent>(Entity&)’
  142 |         Direction dir1 = registry.getComponent<MovementComponent>(aiSnake).direction;
      |                          ~~~~~~~~~~~~~~~~~~~~~~~~~~~~~~~~~~~~~~~~^~~~~~~~~
In file included from tests/integration/Arena_AI_test.cpp:3:
srcs/ecs/Registry.hpp:35:20: note: candidate: ‘template<class T> T& Registry::getComponent(Entity)’
   35 |                 T& getComponent(Entity entity);
      |                    ^~~~~~~~~~~~
srcs/ecs/Registry.hpp:35:20: note:   template argument deduction/substitution failed:
srcs/ecs/Registry.hpp:38:26: note: candidate: ‘template<class T> const T& Registry::getComponent(Entity) const’
   38 |                 const T& getComponent(Entity entity) const;
      |                          ^~~~~~~~~~~~
srcs/ecs/Registry.hpp:38:26: note:   template argument deduction/substitution failed:
tests/integration/Arena_AI_test.cpp:145:23: error: no matching function for call to ‘ArenaGrid::growWall(<brace-enclosed initializer list>, <brace-enclosed initializer list>)’
  145 |         arena.growWall({15, 15}, {3, 3});
      |         ~~~~~~~~~~~~~~^~~~~~~~~~~~~~~~~~
srcs/arena/ArenaGrid.hpp:50:22: note: candidate: ‘void ArenaGrid::growWall(int, int, int, int)’
   50 |                 void growWall(int x, int y, int w, int h);
      |                      ^~~~~~~~
srcs/arena/ArenaGrid.hpp:50:22: note:   candidate expects 4 arguments, 2 provided
tests/integration/Arena_AI_test.cpp:153:66: error: no matching function for call to ‘Registry::getComponent<MovementComponent>(Entity&)’
  153 |         Direction dir2 = registry.getComponent<MovementComponent>(aiSnake).direction;
      |                          ~~~~~~~~~~~~~~~~~~~~~~~~~~~~~~~~~~~~~~~~^~~~~~~~~
srcs/ecs/Registry.hpp:35:20: note: candidate: ‘template<class T> T& Registry::getComponent(Entity)’
   35 |                 T& getComponent(Entity entity);
      |                    ^~~~~~~~~~~~
srcs/ecs/Registry.hpp:35:20: note:   template argument deduction/substitution failed:
srcs/ecs/Registry.hpp:38:26: note: candidate: ‘template<class T> const T& Registry::getComponent(Entity) const’
   38 |                 const T& getComponent(Entity entity) const;
      |                          ^~~~~~~~~~~~
srcs/ecs/Registry.hpp:38:26: note:   template argument deduction/substitution failed:
make: *** [Makefile:225: .test_obj/integration/Arena_AI_test.o] Error 1
